nftset=/4pda.to/4#inet#fw4#vpn_domains
nftset=/ads-twitter.com/4#inet#fw4#vpn_domains
nftset=/brawlstarsgame.com/4#inet#fw4#vpn_domains
nftset=/browserleaks.com/4#inet#fw4#vpn_domains
nftset=/cdninstagram.com/4#inet#fw4#vpn_domains
nftset=/chatgpt.com/4#inet#fw4#vpn_domains
nftset=/clashofclans.com/4#inet#fw4#vpn_domains
nftset=/clashroyaleapp.com/4#inet#fw4#vpn_domains
nftset=/cloudinary.com/4#inet#fw4#vpn_domains
nftset=/cms-twdigitalassets.com/4#inet#fw4#vpn_domains
nftset=/digitalocean.com/4#inet#fw4#vpn_domains
nftset=/facebook.com/4#inet#fw4#vpn_domains
nftset=/facebook.net/4#inet#fw4#vpn_domains
nftset=/fast.com/4#inet#fw4#vpn_domains
nftset=/fbcdn.net/4#inet#fw4#vpn_domains
nftset=/fbsbx.com/4#inet#fw4#vpn_domains
nftset=/grafana.com/4#inet#fw4#vpn_domains
nftset=/habr.com/4#inet#fw4#vpn_domains
nftset=/hashicorp.com/4#inet#fw4#vpn_domains
nftset=/hetzner.com/4#inet#fw4#vpn_domains
nftset=/ig.me/4#inet#fw4#vpn_domains
nftset=/instagram.com/4#inet#fw4#vpn_domains
nftset=/intel.com/4#inet#fw4#vpn_domains
nftset=/intel.de/4#inet#fw4#vpn_domains
nftset=/internalfb.com/4#inet#fw4#vpn_domains
nftset=/jetbrains.com/4#inet#fw4#vpn_domains
nftset=/licdn.com/4#inet#fw4#vpn_domains
nftset=/linkedin.com/4#inet#fw4#vpn_domains
nftset=/medium.com/4#inet#fw4#vpn_domains
nftset=/nflxext.com/4#inet#fw4#vpn_domains
nftset=/nflximg.net/4#inet#fw4#vpn_domains
nftset=/nflxvideo.net/4#inet#fw4#vpn_domains
nftset=/nnmclub.to/4#inet#fw4#vpn_domains
nftset=/oaistatic.com/4#inet#fw4#vpn_domains
nftset=/oaiusercontent.com/4#inet#fw4#vpn_domains
nftset=/onetrust.com/4#inet#fw4#vpn_domains
nftset=/openai.com/4#inet#fw4#vpn_domains
nftset=/periscope.tv/4#inet#fw4#vpn_domains
nftset=/prismic.io/4#inet#fw4#vpn_domains
nftset=/prostovpn.org/4#inet#fw4#vpn_domains
nftset=/proton.me/4#inet#fw4#vpn_domains
nftset=/pscp.tv/4#inet#fw4#vpn_domains
nftset=/redis.io/4#inet#fw4#vpn_domains
nftset=/remove.bg/4#inet#fw4#vpn_domains
nftset=/scdn.co/4#inet#fw4#vpn_domains
nftset=/sentry.io/4#inet#fw4#vpn_domains
nftset=/showip.net/4#inet#fw4#vpn_domains
nftset=/spotify.com/4#inet#fw4#vpn_domains
nftset=/spotifycdn.com/4#inet#fw4#vpn_domains
nftset=/squadbustersgame.com/4#inet#fw4#vpn_domains
nftset=/supercell.com/4#inet#fw4#vpn_domains
nftset=/swagger.io/4#inet#fw4#vpn_domains
nftset=/t.co/4#inet#fw4#vpn_domains
nftset=/tellapart.com/4#inet#fw4#vpn_domains
nftset=/terraform.io/4#inet#fw4#vpn_domains
nftset=/tweetdeck.com/4#inet#fw4#vpn_domains
nftset=/twimg.com/4#inet#fw4#vpn_domains
nftset=/twitpic.com/4#inet#fw4#vpn_domains
nftset=/twitter.biz/4#inet#fw4#vpn_domains
nftset=/twitter.com/4#inet#fw4#vpn_domains
nftset=/twitter.jp/4#inet#fw4#vpn_domains
nftset=/twittercommunity.com/4#inet#fw4#vpn_domains
nftset=/twitterflightschool.com/4#inet#fw4#vpn_domains
nftset=/twitterinc.com/4#inet#fw4#vpn_domains
nftset=/twitteroauth.com/4#inet#fw4#vpn_domains
nftset=/twitterstat.us/4#inet#fw4#vpn_domains
nftset=/twtrdns.net/4#inet#fw4#vpn_domains
nftset=/twttr.com/4#inet#fw4#vpn_domains
nftset=/twttr.net/4#inet#fw4#vpn_domains
nftset=/twvid.com/4#inet#fw4#vpn_domains
nftset=/vagrantcloud.com/4#inet#fw4#vpn_domains
nftset=/vine.co/4#inet#fw4#vpn_domains
nftset=/x.com/4#inet#fw4#vpn_domains
