4pda.to
accounts.hetzner.com
ads-twitter.com
ainu.intel.com
amnezia.org
apis.intel.com
apt.releases.hashicorp.com
brawlstarsgame.com
cdn.fbsbx.com
cdn.oaistatic.com
chat.openai.com
chatgpt.com
clashofclans.com
clashroyaleapp.com
cms-twdigitalassets.com
community.intel.com
connect.facebook.net
consumer.intel.com
corpredirect.intel.com
digitalocean.com
dl.grafana.com
downloadmirror.intel.com
edge-mqtt.facebook.com
elqtrk.intel.com
facebook.net
fast.com
gateway.instagram.com
geolocation.onetrust.com
getoutline.org
grafana.com
graph.facebook.com
graph.instagram.com
habr.com
hashicorp.com
helm.releases.hashicorp.com
hetzner.com
i-fallback.instagram.com
i.instagram.com
id.supercell.com
ig.me
instagram.com
intel.com
intel.de
internalfb.com
ios.chat.openai.com
jetbrains.com
mqtt-mini.facebook.com
nflxext.com
nflximg.net
nflxvideo.net
nnmclub.to
oaistatic.com
oaiusercontent.com
openai.com
periscope.tv
platform.openai.com
prostovpn.org
pscp.tv
redis.io
registry.terraform.io
releases.hashicorp.com
remove.bg
scontent-ams2-1.cdninstagram.com
scontent-ams4-1.cdninstagram.com
scontent-ams4-1.xx.fbcdn.net
scontent.cdninstagram.com
scontent.xx.fbcdn.net
showip.net
squadbustersgame.com
star-mini.c10r.facebook.com
starget.intel.com
static.cdninstagram.com
supercell.com
swagger.io
t.co
tellapart.com
terraform.io
tweetdeck.com
twimg.com
twitpic.com
twitter.biz
twitter.com
twitter.jp
twittercommunity.com
twitterflightschool.com
twitterinc.com
twitteroauth.com
twitterstat.us
twtrdns.net
twttr.com
twttr.net
twvid.com
vagrantcloud.com
vine.co
web.facebook.com
www.facebook.com
www.hashicorp.com
www.instagram.com
www.intel.com
www.terraform.io
x.com
z-p42-chat-e2ee-ig.facebook.com
z-p42-instagram.c10r.instagram.com
