DOMAIN-SUFFIX,10minutemail.com
DOMAIN-SUFFIX,1337x.to
DOMAIN-SUFFIX,4pda.ru
DOMAIN-SUFFIX,4pda.to
DOMAIN-SUFFIX,a-msedge.net
DOMAIN-SUFFIX,abook-club.ru
DOMAIN-SUFFIX,adguard-dns.com
DOMAIN-SUFFIX,adguard.com
DOMAIN-SUFFIX,adobe.io
DOMAIN-SUFFIX,ads-twitter.com
DOMAIN-SUFFIX,agents.media
DOMAIN-SUFFIX,agentura.ru
DOMAIN-SUFFIX,alberta.ca
DOMAIN-SUFFIX,amazonaws.com
DOMAIN-SUFFIX,amd.com
DOMAIN-SUFFIX,amnezia.org
DOMAIN-SUFFIX,analog.com
DOMAIN-SUFFIX,anidub.com
DOMAIN-SUFFIX,anilibria.tv
DOMAIN-SUFFIX,aplawrence.com
DOMAIN-SUFFIX,appstorrent.ru
DOMAIN-SUFFIX,aqicn.org
DOMAIN-SUFFIX,atlassian.com
DOMAIN-SUFFIX,bbc.co.uk
DOMAIN-SUFFIX,bbc.com
DOMAIN-SUFFIX,bbci.co.uk
DOMAIN-SUFFIX,bellingcat.com
DOMAIN-SUFFIX,bgpmon.net
DOMAIN-SUFFIX,bing.com
DOMAIN-SUFFIX,bitbucket.org
DOMAIN-SUFFIX,bitcoin.org
DOMAIN-SUFFIX,bitru.org
DOMAIN-SUFFIX,booktracker.org
DOMAIN-SUFFIX,boosteroid.com
DOMAIN-SUFFIX,bosch-home.com
DOMAIN-SUFFIX,bradyid.com
DOMAIN-SUFFIX,brawlstarsgame.com
DOMAIN-SUFFIX,buckaroo.nl
DOMAIN-SUFFIX,cambiumnetworks.com
DOMAIN-SUFFIX,canva.com
DOMAIN-SUFFIX,cdninstagram.com
DOMAIN-SUFFIX,certifytheweb.com
DOMAIN-SUFFIX,chatgpt.com
DOMAIN-SUFFIX,cherta.media
DOMAIN-SUFFIX,chess.com
DOMAIN-SUFFIX,cisco.com
DOMAIN-SUFFIX,citrix.com
DOMAIN-SUFFIX,clamav.net
DOMAIN-SUFFIX,clashofclans.com
DOMAIN-SUFFIX,clashroyaleapp.com
DOMAIN-SUFFIX,cms-twdigitalassets.com
DOMAIN-SUFFIX,colta.ru
DOMAIN-SUFFIX,crunchyroll.com
DOMAIN-SUFFIX,currenttime.tv
DOMAIN-SUFFIX,czx.to
DOMAIN-SUFFIX,deezer.com
DOMAIN-SUFFIX,delfi.lv
DOMAIN-SUFFIX,dell.com
DOMAIN-SUFFIX,dellcdn.com
DOMAIN-SUFFIX,depositphotos.com
DOMAIN-SUFFIX,deviantart.com
DOMAIN-SUFFIX,devops.com
DOMAIN-SUFFIX,digitalocean.com
DOMAIN-SUFFIX,doxajournal.ru
DOMAIN-SUFFIX,dw.com
DOMAIN-SUFFIX,ehorussia.com
DOMAIN-SUFFIX,ej.ru
DOMAIN-SUFFIX,elastic.co
DOMAIN-SUFFIX,etsy.com
DOMAIN-SUFFIX,euronews.com
DOMAIN-SUFFIX,exler.ru
DOMAIN-SUFFIX,facebook.com
DOMAIN-SUFFIX,facebook.net
DOMAIN-SUFFIX,fast.com
DOMAIN-SUFFIX,fastly.net
DOMAIN-SUFFIX,fb.com
DOMAIN-SUFFIX,fbcdn.net
DOMAIN-SUFFIX,fbsbx.com
DOMAIN-SUFFIX,fex.net
DOMAIN-SUFFIX,flibusta.is
DOMAIN-SUFFIX,fluke.com
DOMAIN-SUFFIX,fork.pet
DOMAIN-SUFFIX,forklog.com
DOMAIN-SUFFIX,formula1.com
DOMAIN-SUFFIX,geni.us
DOMAIN-SUFFIX,genius.com
DOMAIN-SUFFIX,getoutline.org
DOMAIN-SUFFIX,gitlab.com
DOMAIN-SUFFIX,gitlab.io
DOMAIN-SUFFIX,glpals.com
DOMAIN-SUFFIX,gnome-look.org
DOMAIN-SUFFIX,golosameriki.com
DOMAIN-SUFFIX,googletagmanager.com
DOMAIN-SUFFIX,gordonua.com
DOMAIN-SUFFIX,grafana.com
DOMAIN-SUFFIX,grammarly.com
DOMAIN-SUFFIX,grazie.ai
DOMAIN-SUFFIX,gulagu.net
DOMAIN-SUFFIX,habr.com
DOMAIN-SUFFIX,hashicorp.com
DOMAIN-SUFFIX,hetzner.com
DOMAIN-SUFFIX,holod.media
DOMAIN-SUFFIX,home-connect.com
DOMAIN-SUFFIX,hrw.org
DOMAIN-SUFFIX,huawei.com
DOMAIN-SUFFIX,hyperhost.ua
DOMAIN-SUFFIX,ig.me
DOMAIN-SUFFIX,iherb.com
DOMAIN-SUFFIX,iichan.hk
DOMAIN-SUFFIX,instagram.com
DOMAIN-SUFFIX,intel.com
DOMAIN-SUFFIX,intel.de
DOMAIN-SUFFIX,intellij.net
DOMAIN-SUFFIX,internalfb.com
DOMAIN-SUFFIX,island-of-pleasure.site
DOMAIN-SUFFIX,istories.media
DOMAIN-SUFFIX,jabra.com
DOMAIN-SUFFIX,jetbrains.com
DOMAIN-SUFFIX,kasparov.ru
DOMAIN-SUFFIX,kavkaz-uzel.eu
DOMAIN-SUFFIX,kavkazr.com
DOMAIN-SUFFIX,kemono.party
DOMAIN-SUFFIX,kino.pub
DOMAIN-SUFFIX,kinobase.org
DOMAIN-SUFFIX,kinokopilka.pro
DOMAIN-SUFFIX,kinovod.net
DOMAIN-SUFFIX,kinozal.me
DOMAIN-SUFFIX,kinozal.tv
DOMAIN-SUFFIX,korrespondent.net
DOMAIN-SUFFIX,kpapp.link
DOMAIN-SUFFIX,krymr.com
DOMAIN-SUFFIX,leica-geosystems.com
DOMAIN-SUFFIX,lenovo.com
DOMAIN-SUFFIX,libgen.rs
DOMAIN-SUFFIX,linkedin.com
DOMAIN-SUFFIX,linuxiac.com
DOMAIN-SUFFIX,live.net
DOMAIN-SUFFIX,localbitcoins.com
DOMAIN-SUFFIX,lostfilm.run
DOMAIN-SUFFIX,lostfilm.tv
DOMAIN-SUFFIX,lostfilm.win
DOMAIN-SUFFIX,lostfilmtv5.site
DOMAIN-SUFFIX,m3u.in
DOMAIN-SUFFIX,macpaw.com
DOMAIN-SUFFIX,macvendors.com
DOMAIN-SUFFIX,malwarebytes.com
DOMAIN-SUFFIX,mattermost.com
DOMAIN-SUFFIX,mbed.com
DOMAIN-SUFFIX,mdza.io
DOMAIN-SUFFIX,mediazona.ca
DOMAIN-SUFFIX,mediazona.online
DOMAIN-SUFFIX,medium.com
DOMAIN-SUFFIX,meduza.io
DOMAIN-SUFFIX,megapeer.ru
DOMAIN-SUFFIX,memohrc.org
DOMAIN-SUFFIX,meraki.com
DOMAIN-SUFFIX,metacritic.com
DOMAIN-SUFFIX,microchip.com
DOMAIN-SUFFIX,mongodb.com
DOMAIN-SUFFIX,mongodb.org
DOMAIN-SUFFIX,monster.ie
DOMAIN-SUFFIX,moscowtimes.ru
DOMAIN-SUFFIX,mouser.com
DOMAIN-SUFFIX,mrakopedia.net
DOMAIN-SUFFIX,nasvsehtoshnit.ru
DOMAIN-SUFFIX,navalny.com
DOMAIN-SUFFIX,netflix.com
DOMAIN-SUFFIX,newstudio.tv
DOMAIN-SUFFIX,newtimes.ru
DOMAIN-SUFFIX,nflxext.com
DOMAIN-SUFFIX,nflximg.net
DOMAIN-SUFFIX,nflxvideo.net
DOMAIN-SUFFIX,nih.gov
DOMAIN-SUFFIX,nnmclub.to
DOMAIN-SUFFIX,nordvpn.com
DOMAIN-SUFFIX,novayagazeta.eu
DOMAIN-SUFFIX,novayagazeta.ru
DOMAIN-SUFFIX,ntc.party
DOMAIN-SUFFIX,nyaa.si
DOMAIN-SUFFIX,oaistatic.com
DOMAIN-SUFFIX,oaiusercontent.com
DOMAIN-SUFFIX,oasis.app
DOMAIN-SUFFIX,omv-extras.org
DOMAIN-SUFFIX,on24.com
DOMAIN-SUFFIX,onetrust.com
DOMAIN-SUFFIX,onlineradiobox.com
DOMAIN-SUFFIX,onlinesim.ru
DOMAIN-SUFFIX,openai.com
DOMAIN-SUFFIX,opentrackr.org
DOMAIN-SUFFIX,ovdinfo.org
DOMAIN-SUFFIX,pandasecurity.com
DOMAIN-SUFFIX,paperpaper.ru
DOMAIN-SUFFIX,paraplan.net
DOMAIN-SUFFIX,paraswap.io
DOMAIN-SUFFIX,parsec.app
DOMAIN-SUFFIX,patreon.com
DOMAIN-SUFFIX,paypal.com
DOMAIN-SUFFIX,pb.wtf
DOMAIN-SUFFIX,pcbway.com
DOMAIN-SUFFIX,pcbway.ru
DOMAIN-SUFFIX,periscope.tv
DOMAIN-SUFFIX,phncdn.com
DOMAIN-SUFFIX,php.su
DOMAIN-SUFFIX,piccy.info
DOMAIN-SUFFIX,pixiv.net
DOMAIN-SUFFIX,plab.site
DOMAIN-SUFFIX,polit.ru
DOMAIN-SUFFIX,pornolab.net
DOMAIN-SUFFIX,postfix.org
DOMAIN-SUFFIX,proekt.media
DOMAIN-SUFFIX,prostovpn.org
DOMAIN-SUFFIX,protonmail.ch
DOMAIN-SUFFIX,protonmail.com
DOMAIN-SUFFIX,pscp.tv
DOMAIN-SUFFIX,qt.io
DOMAIN-SUFFIX,qualcomm.com
DOMAIN-SUFFIX,quora.com
DOMAIN-SUFFIX,radarr.video
DOMAIN-SUFFIX,radiosvoboda.org
DOMAIN-SUFFIX,redis.com
DOMAIN-SUFFIX,redis.io
DOMAIN-SUFFIX,redtube.com
DOMAIN-SUFFIX,refactoring.guru
DOMAIN-SUFFIX,refinitiv.com
DOMAIN-SUFFIX,remove.bg
DOMAIN-SUFFIX,republic.ru
DOMAIN-SUFFIX,resp.app
DOMAIN-SUFFIX,ruckuswireless.com
DOMAIN-SUFFIX,rus-media.org
DOMAIN-SUFFIX,rus.ec
DOMAIN-SUFFIX,rustorka.com
DOMAIN-SUFFIX,rutor.info
DOMAIN-SUFFIX,rutor.is
DOMAIN-SUFFIX,rutor.org
DOMAIN-SUFFIX,rutracker.cc
DOMAIN-SUFFIX,rutracker.org
DOMAIN-SUFFIX,rutracker.ru
DOMAIN-SUFFIX,saverudata.info
DOMAIN-SUFFIX,schaeffler.com
DOMAIN-SUFFIX,screamingfrog.co.uk
DOMAIN-SUFFIX,searchfloor.org
DOMAIN-SUFFIX,sebeanus.online
DOMAIN-SUFFIX,semnasem.org
DOMAIN-SUFFIX,sentry.io
DOMAIN-SUFFIX,serpstat.com
DOMAIN-SUFFIX,servarr.com
DOMAIN-SUFFIX,showip.net
DOMAIN-SUFFIX,singlekey-id.com
DOMAIN-SUFFIX,skladchik.com
DOMAIN-SUFFIX,skyscanner.com
DOMAIN-SUFFIX,slideshare.net
DOMAIN-SUFFIX,smashwords.com
DOMAIN-SUFFIX,soapui.org
DOMAIN-SUFFIX,sobesednik.ru
DOMAIN-SUFFIX,soundcloud.com
DOMAIN-SUFFIX,spotify.com
DOMAIN-SUFFIX,squadbustersgame.com
DOMAIN-SUFFIX,stalker2.com
DOMAIN-SUFFIX,strava.com
DOMAIN-SUFFIX,stulchik.net
DOMAIN-SUFFIX,supercell.com
DOMAIN-SUFFIX,svoboda.org
DOMAIN-SUFFIX,svtv.org
DOMAIN-SUFFIX,swagger.io
DOMAIN-SUFFIX,sysdig.com
DOMAIN-SUFFIX,t-ru.org
DOMAIN-SUFFIX,t.co
DOMAIN-SUFFIX,tayga.info
DOMAIN-SUFFIX,tellapart.com
DOMAIN-SUFFIX,terraform.io
DOMAIN-SUFFIX,the-village.ru
DOMAIN-SUFFIX,theins.press
DOMAIN-SUFFIX,theins.ru
DOMAIN-SUFFIX,themoviedb.org
DOMAIN-SUFFIX,thepiratebay.org
DOMAIN-SUFFIX,ti.com
DOMAIN-SUFFIX,tidal.com
DOMAIN-SUFFIX,tiktok.com
DOMAIN-SUFFIX,timberland.com
DOMAIN-SUFFIX,tjournal.ru
DOMAIN-SUFFIX,tmdb.org
DOMAIN-SUFFIX,torproject.org
DOMAIN-SUFFIX,torrent.by
DOMAIN-SUFFIX,tracker.wf
DOMAIN-SUFFIX,tutanota.com
DOMAIN-SUFFIX,tvrain.ru
DOMAIN-SUFFIX,tweetdeck.com
DOMAIN-SUFFIX,twimg.com
DOMAIN-SUFFIX,twitpic.com
DOMAIN-SUFFIX,twitter.biz
DOMAIN-SUFFIX,twitter.com
DOMAIN-SUFFIX,twitter.jp
DOMAIN-SUFFIX,twittercommunity.com
DOMAIN-SUFFIX,twitterflightschool.com
DOMAIN-SUFFIX,twitterinc.com
DOMAIN-SUFFIX,twitteroauth.com
DOMAIN-SUFFIX,twitterstat.us
DOMAIN-SUFFIX,twtrdns.net
DOMAIN-SUFFIX,twttr.com
DOMAIN-SUFFIX,twttr.net
DOMAIN-SUFFIX,twvid.com
DOMAIN-SUFFIX,ubnt.com
DOMAIN-SUFFIX,ufile.io
DOMAIN-SUFFIX,underver.se
DOMAIN-SUFFIX,unian.net
DOMAIN-SUFFIX,uniongang.tv
DOMAIN-SUFFIX,vagrantcloud.com
DOMAIN-SUFFIX,vectorworks.net
DOMAIN-SUFFIX,velocidrone.com
DOMAIN-SUFFIX,veritas.com
DOMAIN-SUFFIX,verstka.media
DOMAIN-SUFFIX,vine.co
DOMAIN-SUFFIX,vipdrive.net
DOMAIN-SUFFIX,vot-tak.tv
DOMAIN-SUFFIX,voynaplemyon.com
DOMAIN-SUFFIX,vrv.co
DOMAIN-SUFFIX,vyos.io
DOMAIN-SUFFIX,watchguard.com
DOMAIN-SUFFIX,weather.com
DOMAIN-SUFFIX,weblance.com.ua
DOMAIN-SUFFIX,welt.de
DOMAIN-SUFFIX,wetransfer.com
DOMAIN-SUFFIX,wheather.com
DOMAIN-SUFFIX,wikiart.org
DOMAIN-SUFFIX,windguru.cz
DOMAIN-SUFFIX,wixmp.com
DOMAIN-SUFFIX,wk.cz
DOMAIN-SUFFIX,wunderground.com
DOMAIN-SUFFIX,x.com
DOMAIN-SUFFIX,xerox.com
DOMAIN-SUFFIX,xhamster.com
DOMAIN-SUFFIX,xhamsterlive.com
DOMAIN-SUFFIX,xnxx.com
DOMAIN-SUFFIX,xtracloud.net
DOMAIN-SUFFIX,xvideos-cdn.com
DOMAIN-SUFFIX,xvideos.com
DOMAIN-SUFFIX,zannn.top
DOMAIN-SUFFIX,zerossl.com
DOMAIN-SUFFIX,zetalliance.org
DOMAIN-SUFFIX,zetfix.online
DOMAIN-SUFFIX,zetflix.online
DOMAIN-SUFFIX,zf.com
DOMAIN-SUFFIX,znanija.com
DOMAIN-SUFFIX,zohomail.com
DOMAIN-SUFFIX,zona.media
