*10minutemail.com
*1337x.to
*4pda.ru
*4pda.to
*a-msedge.net
*abook-club.ru
*adguard-dns.com
*adguard.com
*adobe.io
*ads-twitter.com
*agents.media
*agentura.ru
*alberta.ca
*amazonaws.com
*amd.com
*amnezia.org
*analog.com
*anidub.com
*anilibria.tv
*aplawrence.com
*appstorrent.ru
*aqicn.org
*atlassian.com
*bbc.co.uk
*bbc.com
*bbci.co.uk
*bellingcat.com
*bgpmon.net
*bing.com
*bitbucket.org
*bitcoin.org
*bitru.org
*booktracker.org
*boosteroid.com
*bosch-home.com
*bradyid.com
*brawlstarsgame.com
*buckaroo.nl
*cambiumnetworks.com
*canva.com
*cdninstagram.com
*certifytheweb.com
*chatgpt.com
*cherta.media
*chess.com
*cisco.com
*citrix.com
*clamav.net
*clashofclans.com
*clashroyaleapp.com
*cms-twdigitalassets.com
*colta.ru
*crunchyroll.com
*currenttime.tv
*czx.to
*deezer.com
*delfi.lv
*dell.com
*dellcdn.com
*depositphotos.com
*deviantart.com
*devops.com
*digitalocean.com
*doxajournal.ru
*dw.com
*ehorussia.com
*ej.ru
*elastic.co
*etsy.com
*euronews.com
*exler.ru
*facebook.com
*facebook.net
*fast.com
*fastly.net
*fb.com
*fbcdn.net
*fbsbx.com
*fex.net
*flibusta.is
*fluke.com
*fork.pet
*forklog.com
*formula1.com
*geni.us
*genius.com
*getoutline.org
*gitlab.com
*gitlab.io
*glpals.com
*gnome-look.org
*golosameriki.com
*googletagmanager.com
*gordonua.com
*grafana.com
*grammarly.com
*grazie.ai
*gulagu.net
*habr.com
*hashicorp.com
*hetzner.com
*holod.media
*home-connect.com
*hrw.org
*huawei.com
*hyperhost.ua
*ig.me
*iherb.com
*iichan.hk
*instagram.com
*intel.com
*intel.de
*intellij.net
*internalfb.com
*island-of-pleasure.site
*istories.media
*jabra.com
*jetbrains.com
*kasparov.ru
*kavkaz-uzel.eu
*kavkazr.com
*kemono.party
*kino.pub
*kinobase.org
*kinokopilka.pro
*kinovod.net
*kinozal.me
*kinozal.tv
*korrespondent.net
*kpapp.link
*krymr.com
*leica-geosystems.com
*lenovo.com
*libgen.rs
*linkedin.com
*linuxiac.com
*live.net
*localbitcoins.com
*lostfilm.run
*lostfilm.tv
*lostfilm.win
*lostfilmtv5.site
*m3u.in
*macpaw.com
*macvendors.com
*malwarebytes.com
*mattermost.com
*mbed.com
*mdza.io
*mediazona.ca
*mediazona.online
*medium.com
*meduza.io
*megapeer.ru
*memohrc.org
*meraki.com
*metacritic.com
*microchip.com
*mongodb.com
*mongodb.org
*monster.ie
*moscowtimes.ru
*mouser.com
*mrakopedia.net
*nasvsehtoshnit.ru
*navalny.com
*netflix.com
*newstudio.tv
*newtimes.ru
*nflxext.com
*nflximg.net
*nflxvideo.net
*nih.gov
*nnmclub.to
*nordvpn.com
*novayagazeta.eu
*novayagazeta.ru
*ntc.party
*nyaa.si
*oaistatic.com
*oaiusercontent.com
*oasis.app
*omv-extras.org
*on24.com
*onetrust.com
*onlineradiobox.com
*onlinesim.ru
*openai.com
*opentrackr.org
*ovdinfo.org
*pandasecurity.com
*paperpaper.ru
*paraplan.net
*paraswap.io
*parsec.app
*patreon.com
*paypal.com
*pb.wtf
*pcbway.com
*pcbway.ru
*periscope.tv
*phncdn.com
*php.su
*piccy.info
*pixiv.net
*plab.site
*polit.ru
*pornolab.net
*postfix.org
*proekt.media
*prostovpn.org
*protonmail.ch
*protonmail.com
*pscp.tv
*qt.io
*qualcomm.com
*quora.com
*radarr.video
*radiosvoboda.org
*redis.com
*redis.io
*redtube.com
*refactoring.guru
*refinitiv.com
*remove.bg
*republic.ru
*resp.app
*ruckuswireless.com
*rus-media.org
*rus.ec
*rustorka.com
*rutor.info
*rutor.is
*rutor.org
*rutracker.cc
*rutracker.org
*rutracker.ru
*saverudata.info
*schaeffler.com
*screamingfrog.co.uk
*searchfloor.org
*sebeanus.online
*semnasem.org
*sentry.io
*serpstat.com
*servarr.com
*showip.net
*singlekey-id.com
*skladchik.com
*skyscanner.com
*slideshare.net
*smashwords.com
*soapui.org
*sobesednik.ru
*soundcloud.com
*spotify.com
*squadbustersgame.com
*stalker2.com
*strava.com
*stulchik.net
*supercell.com
*svoboda.org
*svtv.org
*swagger.io
*sysdig.com
*t-ru.org
*t.co
*tayga.info
*tellapart.com
*terraform.io
*the-village.ru
*theins.press
*theins.ru
*themoviedb.org
*thepiratebay.org
*ti.com
*tidal.com
*tiktok.com
*timberland.com
*tjournal.ru
*tmdb.org
*torproject.org
*torrent.by
*tracker.wf
*tutanota.com
*tvrain.ru
*tweetdeck.com
*twimg.com
*twitpic.com
*twitter.biz
*twitter.com
*twitter.jp
*twittercommunity.com
*twitterflightschool.com
*twitterinc.com
*twitteroauth.com
*twitterstat.us
*twtrdns.net
*twttr.com
*twttr.net
*twvid.com
*ubnt.com
*ufile.io
*underver.se
*unian.net
*uniongang.tv
*vagrantcloud.com
*vectorworks.net
*velocidrone.com
*veritas.com
*verstka.media
*vine.co
*vipdrive.net
*vot-tak.tv
*voynaplemyon.com
*vrv.co
*vyos.io
*watchguard.com
*weather.com
*weblance.com.ua
*welt.de
*wetransfer.com
*wheather.com
*wikiart.org
*windguru.cz
*wixmp.com
*wk.cz
*wunderground.com
*x.com
*xerox.com
*xhamster.com
*xhamsterlive.com
*xnxx.com
*xtracloud.net
*xvideos-cdn.com
*xvideos.com
*zannn.top
*zerossl.com
*zetalliance.org
*zetfix.online
*zetflix.online
*zf.com
*znanija.com
*zohomail.com
*zona.media
