# For check
fast.com
showip.net
browserleaks.com

# Meta (Instagram, Facebook)
instagram.com
www.instagram.com
graph.instagram.com
gateway.instagram.com
i.instagram.com
z-p42-instagram.c10r.instagram.com
i-fallback.instagram.com
ig.me
www.facebook.com
mqtt-mini.facebook.com
edge-mqtt.facebook.com
graph.facebook.com
web.facebook.com
connect.facebook.net
facebook.net
z-p42-chat-e2ee-ig.facebook.com
star-mini.c10r.facebook.com
static.cdninstagram.com
scontent.cdninstagram.com
scontent-ams2-1.cdninstagram.com
scontent-ams4-1.cdninstagram.com
scontent-ams4-1.xx.fbcdn.net
scontent.xx.fbcdn.net
cdn.fbsbx.com
internalfb.com

# Twitter/X. From: https://github.com/v2fly/domain-list-community/blob/master/data/twitter
ads-twitter.com
cms-twdigitalassets.com
periscope.tv
pscp.tv
t.co
tellapart.com
tweetdeck.com
twimg.com
twitpic.com
twitter.biz
twitter.com
twitter.jp
twittercommunity.com
twitterflightschool.com
twitterinc.com
twitteroauth.com
twitterstat.us
twtrdns.net
twttr.com
twttr.net
twvid.com
vine.co
x.com

# Hashicorp
hashicorp.com
www.hashicorp.com
releases.hashicorp.com
apt.releases.hashicorp.com
helm.releases.hashicorp.com
terraform.io
www.terraform.io
registry.terraform.io
vagrantcloud.com

# AI
openai.com
chat.openai.com
chatgpt.com
oaistatic.com
cdn.oaistatic.com
oaiusercontent.com
platform.openai.com
ios.chat.openai.com
remove.bg

# Netflix
nflxvideo.net
nflxext.com
nflximg.net

# Cloud, VPS, domains services
digitalocean.com
hetzner.com
accounts.hetzner.com

# Intel
intel.com
www.intel.com
intel.de
apis.intel.com
ainu.intel.com
consumer.intel.com
community.intel.com
corpredirect.intel.com
downloadmirror.intel.com
elqtrk.intel.com
starget.intel.com
geolocation.onetrust.com

# IT
swagger.io
redis.io
jetbrains.com
grafana.com
dl.grafana.com
sentry.io
medium.com

# Info
4pda.to
habr.com

# VPN services
prostovpn.org

# Torrent trackers
nnmclub.to

# Proton
proton.me
cloudinary.com
prismic.io

# Spotify
spotify.com
scdn.co
spotifycdn.com

# Supercell
supercell.com
id.supercell.com
clashofclans.com
brawlstarsgame.com
clashroyaleapp.com
squadbustersgame.com

# Linkedin
licdn.com
linkedin.com
